exports[`Todo app renders properly 1`] = `
<div>
  <h1>
    Todo
  </h1>
  <div>
    <h1>
      List of items:
    </h1>
    <ul>
      <li
        id="list_item_1">
        1
        : 
        first
      </li>
      <li
        id="list_item_2">
        2
        : 
        Second
      </li>
      <li
        id="list_item_3">
        3
        : 
        Third
      </li>
      <li
        id="list_item_4">
        4
        : 
        Fourth
      </li>
    </ul>
  </div>
  <form
    className="form"
    onSubmit={[Function]}>
    <input
      placeholder="What do you need to do?"
      type="text" />
    <button
      className="button expanded">
      Add todo
    </button>
  </form>
</div>
`;
