exports[`TodoList renders properly 1`] = `
<div>
  <h1>
    List of items:
  </h1>
  <ul>
    <li
      className="todo-item"
      id="list_item_38fb942f-d936-4104-9baa-1b8013b1d7f2"
      onClick={[Function]}>
      <input
        checked={false}
        type="checkbox" />
      test_one
    </li>
    <li
      className="todo-item"
      id="list_item_e5278d78-49f0-402e-83c1-9054b1c491df"
      onClick={[Function]}>
      <input
        checked={false}
        type="checkbox" />
      test_two
    </li>
  </ul>
</div>
`;
