exports[`TodoList renders properly 1`] = `
<div>
  <h1>
    List of items:
  </h1>
  <ul>
    <li
      className="todo-item"
      id="list_item_32e02aa4-9b29-4b55-b463-3eb39b97162e"
      onClick={[Function]}>
      <input
        checked={false}
        type="checkbox" />
      test_one
    </li>
    <li
      className="todo-item"
      id="list_item_d9033275-c06a-48a5-816e-a754d1811b9c"
      onClick={[Function]}>
      <input
        checked={false}
        type="checkbox" />
      test_two
    </li>
  </ul>
</div>
`;
