exports[`TodoList renders properly 1`] = `
<div>
  <h1>
    List of items:
  </h1>
  <ul>
    <li
      className="todo-item"
      id="list_item_9cf8dacb-d24e-4f5e-a68e-47dfe052b6d0"
      onClick={[Function]}>
      <input
        checked={false}
        type="checkbox" />
      <p>
        test_one
      </p>
      <p>
        Created Invalid date
      </p>
    </li>
    <li
      className="todo-item"
      id="list_item_f775feed-3d21-4078-b760-2d57d9a395bf"
      onClick={[Function]}>
      <input
        checked={false}
        type="checkbox" />
      <p>
        test_two
      </p>
      <p>
        Created Invalid date
      </p>
    </li>
  </ul>
</div>
`;
